[root@rabbitmq222 base]# mkdir testopenssl
[root@rabbitmq222 base]# cd testopenssl/
[root@rabbitmq222 testopenssl]# open
open                   openlmi-doc-class2rst  openlmi-doc-class2uml  openlmi-mof-register   openoffice.org         openssl                openvt                 
[root@rabbitmq222 testopenssl]# open
open                   openlmi-doc-class2rst  openlmi-doc-class2uml  openlmi-mof-register   openoffice.org         openssl                openvt                 
[root@rabbitmq222 testopenssl]# openssl genrsa -out ca/ca-key.pem 1024
ca/ca-key.pem: No such file or directory
140517197985680:error:02001002:system library:fopen:No such file or directory:bss_file.c:402:fopen('ca/ca-key.pem','w')
140517197985680:error:20074002:BIO routines:FILE_CTRL:system lib:bss_file.c:404:
[root@rabbitmq222 testopenssl]# mkdir ca
[root@rabbitmq222 testopenssl]# openssl genrsa -out ca/ca-key.pem 1024
Generating RSA private key, 1024 bit long modulus
............++++++
..........................++++++
e is 65537 (0x10001)
[root@rabbitmq222 testopenssl]# openssl  req -new -out ca/ca-req.csr -key ca/ca-key.pem 
You are about to be asked to enter information that will be incorporated
into your certificate request.
What you are about to enter is what is called a Distinguished Name or a DN.
There are quite a few fields but you can leave some blank
For some fields there will be a default value,
If you enter '.', the field will be left blank.
-----
Country Name (2 letter code) [XX]:cn
State or Province Name (full name) []:guangdong  
Locality Name (eg, city) [Default City]:shen^Z       
[1]+  Stopped                 openssl req -new -out ca/ca-req.csr -key ca/ca-key.pem
[root@rabbitmq222 testopenssl]# openssl  req -new -out ca/ca-req.csr -key ca/ca-key.pem 
You are about to be asked to enter information that will be incorporated
into your certificate request.
What you are about to enter is what is called a Distinguished Name or a DN.
There are quite a few fields but you can leave some blank
For some fields there will be a default value,
If you enter '.', the field will be left blank.
-----
Country Name (2 letter code) [XX]:cn
State or Province Name (full name) []:guangdong
Locality Name (eg, city) [Default City]:shenzheng
Organization Name (eg, company) [Default Company Ltd]:szyq
Organizational Unit Name (eg, section) []:development
Common Name (eg, your name or your server's hostname) []:root@rabbitmq222
Email Address []:894616049@qq.com

Please enter the following 'extra' attributes
to be sent with your certificate request
A challenge password []:123456
An optional company name []:
[root@rabbitmq222 testopenssl]# openssl x509 -req -in ca/ca-req.csr -out ca/ca-cert.pem -signkey ca/ca-key.pem -days 3650
Signature ok
subject=/C=cn/ST=guangdong/L=shenzheng/O=szyq/OU=development/CN=root@rabbitmq222/emailAddress=894616049@qq.com
Getting Private key
[root@rabbitmq222 testopenssl]# ll  -lrt
total 0
drwxrwxrwx+ 2 root root 61 Jan 31 17:50 ca
[root@rabbitmq222 testopenssl]# ll ca
total 12
-rw-rw-rw-+ 1 root root 977 Jan 31 17:50 ca-cert.pem
-rw-rw-rw-+ 1 root root 891 Jan 31 17:41 ca-key.pem
-rw-rw-rw-+ 1 root root 745 Jan 31 17:48 ca-req.csr
[root@rabbitmq222 testopenssl]# op
opannotate             op-check-perfevents    open                   openlmi-doc-class2uml  openoffice.org         openvt                 opgprof                opimport               opreport               
oparchive              opcontrol              openlmi-doc-class2rst  openlmi-mof-register   openssl                operf                  ophelp                 opjitconv              oprofiled              
[root@rabbitmq222 testopenssl]# openssl pkcs12 -export -clcerts -in ca/ca-cert.pem  -inkey ca/ca-key.pem -out ca/ca.p12
Enter Export Password:
Verifying - Enter Export Password:
[root@rabbitmq222 testopenssl]# ll ca
total 16
-rw-rw-rw-+ 1 root root  977 Jan 31 17:50 ca-cert.pem
-rw-rw-rw-+ 1 root root  891 Jan 31 17:41 ca-key.pem
-rw-rw-rw-+ 1 root root 1701 Jan 31 17:54 ca.p12
-rw-rw-rw-+ 1 root root  745 Jan 31 17:48 ca-req.csr
[root@rabbitmq222 testopenssl]# cat ca/ca*
-----BEGIN CERTIFICATE-----
MIICpTCCAg4CCQCYlP1J5fuR6TANBgkqhkiG9w0BAQsFADCBljELMAkGA1UEBhMC
Y24xEjAQBgNVBAgMCWd1YW5nZG9uZzESMBAGA1UEBwwJc2hlbnpoZW5nMQ0wCwYD
VQQKDARzenlxMRQwEgYDVQQLDAtkZXZlbG9wbWVudDEZMBcGA1UEAwwQcm9vdEBy
YWJiaXRtcTIyMjEfMB0GCSqGSIb3DQEJARYQODk0NjE2MDQ5QHFxLmNvbTAeFw0x
OTAxMzEwOTUwMDVaFw0yOTAxMjgwOTUwMDVaMIGWMQswCQYDVQQGEwJjbjESMBAG
A1UECAwJZ3Vhbmdkb25nMRIwEAYDVQQHDAlzaGVuemhlbmcxDTALBgNVBAoMBHN6
eXExFDASBgNVBAsMC2RldmVsb3BtZW50MRkwFwYDVQQDDBByb290QHJhYmJpdG1x
MjIyMR8wHQYJKoZIhvcNAQkBFhA4OTQ2MTYwNDlAcXEuY29tMIGfMA0GCSqGSIb3
DQEBAQUAA4GNADCBiQKBgQCrxuLxgLfH6CZY+YY/V9Et9B4hTQsFxsDWjuERocSd
LWjoaRYosD6GwDLrgyuK35AwK193HZimRUWaHDx5ayAevYjWcV6gSLtXuo3xxwl1
8RXyu1fWBa/AAG6VRqUv5hyOH5TMQlHXt54WnS4GzZ4byqBp9Tf4H8VlVuYTF1h4
ZwIDAQABMA0GCSqGSIb3DQEBCwUAA4GBAIto71fHJrb1VHwS9BwHJy38a9U9XqXM
2x2GEIvfZnDConQvsImYTKL16Ulhdrg2p3C6WvyxY+Pt329ucuUh051emQzVow9K
fnDkugWBaxdw1TWyHuT3ssKpMkBcJSlR7TfigysdVqiUmXWhW84Q3Ezcg7d4w+TD
gv0eFdODBK0p
-----END CERTIFICATE-----
-----BEGIN RSA PRIVATE KEY-----
MIICXgIBAAKBgQCrxuLxgLfH6CZY+YY/V9Et9B4hTQsFxsDWjuERocSdLWjoaRYo
sD6GwDLrgyuK35AwK193HZimRUWaHDx5ayAevYjWcV6gSLtXuo3xxwl18RXyu1fW
Ba/AAG6VRqUv5hyOH5TMQlHXt54WnS4GzZ4byqBp9Tf4H8VlVuYTF1h4ZwIDAQAB
AoGAUnbKYDHxCHE0Z6ZyglpAO5VkGYyI7B78WISDHBnS77nrERfR4Xqqqbn/N/zi
nGqzJ8zKqb51l+zNeyxvA8MfyZgZpoapnmCAhto5Lt3wzIWspC6ycM4X+FReXzsN
cEsvFWuwW3g82JiKeVEe6PJKom6cV32511tkPxSXUqsI/SECQQDkFvjtSJWnkHGn
27kANE9QpZqliWPQmu91h/kaCXkZ06y1TEudtvr/hLEUaebE7a7wNTIy+Lk7XM/1
c75HUwGpAkEAwMviwOY8zNKBetSl2Xf26J57HIGOsrUKgaKryQp6PSWtAgUi+8va
7xyOCuNSMhe1NjY/FNMhn0w7JyrlbuMTjwJBAIXV8PSSjbXH7NjY9cHn785bjdWq
O1ZxQycMxR8BBf0glou/G/OMJdV+z8UxqsZMzUSHglAkX9Q0TpYw9yq0yxkCQQC2
UhklgpWMvKVlmyMb/K6qXPTfiEWCCmLdJRB/FkFzAeYSOvlSVP29kath8IcSiAj+
M16EOwVYt6ZY69/8dRFRAkEAmBX7cxVJoURt5EBeVt65UN+kgv5Ia8qDtkji9UQ9
kIa3Qr5PORnysbaNcEH36i40rebeqZwdGgYt2UIxr8kCIw==
-----END RSA PRIVATE KEY-----
0@0<05O *H 
*H 
¬±(-v
    Lœù ∂—üMËØßŸº◊§>akcÓóçÒ∞®ù<u8hÒ≠íÅÒªΩÜÓí±# ΩIÛè¢¢"Ê©Ü1π£î’ØT¬Ær¬Ω¬∏¬æÚ∑àó;K 
                                              ÷ã¬¶^
vB¬æR&∏ØøI»ê∫π¥À¨Z!&¬π#œ∂Òº≥ñp√øò∑¶4|⁄Æ¬µ#/¬æ¬¥a¬®H)j`ZaÛ®≠ºpÒ∞∏ú<=X d|JÕê 
                                              Õù‰†ç]¬´gS:¬≥y9…å¬ª]p?¬™{`¬™”ºF ¬¨Àò√ø¬´w(¬æ“¨¬°6=¬°¬©¬¢¬∏-Û±âΩÍ≤ã1 ê¬ÆÛö´∂¬Ω 
Y1=U¬∞‘êËê≥^9|ÈèÇq@Ÿô‡ªà7Ûøøê¬º·üæ‚∫∫W‹¶Ÿª'#¬πÂÅ∏C
hÃúÚø§±c	r'√ø¬πÔø°”π¬¥5ƒóÛÜº≠¬•¬•¬Æ¬¨6ÔÑ£6Gÿï¬°¬µS–®$¬£u4ÈÖ∞S'Ò•íá1I0¬•Ê≤Ñ¬∑
                                               Û°èî¬Ø¬∏¬™3bQe€è~Nc3T¬∞¬¶ÁçÆ¬∏Ò∞ãû¬ßŒá ◊∞⁄ô¬∫Ûµü¥◊≥¬æb|›òœß…ºÛπç∑—Ø`S¬∑oÊíµÛø§ÄJ¬ßŒÆ–•¬∞¬¢c÷ßgŒ≤¬§t5[jX¬≥◊ö√øÓ•îÍ∞ö
OÃú…†¬∏¬ÆGk¬£=Úáªπ=
ÓèãÒ©®êGÎä≥'aR·Ç©sP`ÿô πd!¬±d5H¬†œ¢◊ó≈∑¬ø¬¥Ú¢è©}mdQ7
¬†ËÑÇ‰∞Ç‡∞Ç‹Ü                   ¬∫ﬂ∫/|Áñí»ê1q8¬Ω√ø^Ú≠üéU$x±†ô∆à¬¶rJ#¬∏o!R~Õü›∞	*H 
       *H 

¬†¬¶0¬¢0 
*H 
‚∞ûu`uÿ≠¬¢s(X.WSR.Q1aÛ∞±¥¬£2hÌêÆÚò§ü›É%+Àæ¬∑y¬≤÷¢mÛéù¶.
                                  Û¨éñ´çπKËøØ–≠ 
Êæà‹±„ÄàÛøøùZe
      {Id\…áÔäÅAÿ¨«óN ë¬ØH1¬Ω≈Üu¬≠ÿÆÛòò∏“§wÿâÛì∏î¬§’ãSJ»≤‹áRJ
                                      l”∑Ï¶òfÀß…©ÊªÅ¬∂Èåà·ÆÖe2◊•vFÎ≥á√æ¬∏¬°◊ï;∂áª¬ª¬©%¬ºÀ¥r6¬∏,A8¬πZ¬°ÃªLY‚èªÛ§ÅØ¬∂¬ß¬§{‹µÕîuÛÑ¢∂.ÁæÉÛ¶åã¬≤7@+fÎ¶ºÏôôÒ£ºÖG8Ûøæ•r ìÚ≤¨æ
◊Å¬µ„åìe¬®R  Ï™∂}dÁ££Àº„õ¨◊©A‘•a¬®u_        L…ÆŒã0z •¬´7U¬∂BLW^}Ÿø`Ôü≤ÛºêîÛçîó                                                        ◊Ö/1¬∂¬ß√æ¬¢*XÊï£¬ºz¬™Ûøßûx¬≠Ÿ∂¬º¬≠ô©í&ÿçÊõßE 
¬ØL~N^c¬∞kj¬≥¬µ¬©NuÊé®C’¶##€ô5/^Û©´ªr¬¨YCQ≈º’≤/√æÎ§íÿÅK¬µ9/ÚÜπÖ¬Ωu≈ñ?n¬¥¬≤ŸùJ¬Ør&Êìß-d¬Æb72u–è‚•¢1H0W*¬®Áóñ=¬≤⁄ü{Z2i!Á∂èÎ§∏Òå∫èÊÄã6
        1rÚ∏±új&ÒÜ†∫¬∫„∑çi010!0       +`h¬¶√æIL‚≠§L[<-----BEGIN CERTIFICATE REQUEST-----        Ûç∞é_}Óè≥+xZÓóü}Ò•ôíÈ™ù.s¬£v1%0#	*H 
MIIB7jCCAVcCAQAwgZYxCzAJBgNVBAYTAmNuMRIwEAYDVQQIDAlndWFuZ2Rvbmcx
EjAQBgNVBAcMCXNoZW56aGVuZzENMAsGA1UECgwEc3p5cTEUMBIGA1UECwwLZGV2
ZWxvcG1lbnQxGTAXBgNVBAMMEHJvb3RAcmFiYml0bXEyMjIxHzAdBgkqhkiG9w0B
CQEWEDg5NDYxNjA0OUBxcS5jb20wgZ8wDQYJKoZIhvcNAQEBBQADgY0AMIGJAoGB
AKvG4vGAt8foJlj5hj9X0S30HiFNCwXGwNaO4RGhxJ0taOhpFiiwPobAMuuDK4rf
kDArX3cdmKZFRZocPHlrIB69iNZxXqBIu1e6jfHHCXXxFfK7V9YFr8AAbpVGpS/m
HI4flMxCUde3nhadLgbNnhvKoGn1N/gfxWVW5hMXWHhnAgMBAAGgFzAVBgkqhkiG
9w0BCQcxCAwGMTIzNDU2MA0GCSqGSIb3DQEBCwUAA4GBACGSlEG2YlgOO21dHAod
jwsBDE7DlqHEnu8KdHyyulZkf4ChWOi06SoQsx5kbV+lyfi3+VvuQwuzF4tNojm/
xAxigDlS0pdZu4jKanfJkytQJXUmdbflcHGidi1rNVa78kQ2Kuc+vzipqfJj02ua
FIhZ+Oq8i46GqcuwO6pUl3dB
-----END CERTIFICATE REQUEST-----


C:\OpenSSL\bin>openssl¬†x509¬†-req¬†-in¬†server/server-req.csr¬†-out¬†server/server-cert4.pem¬†-signkey¬†server/server-key.pem¬†-CA¬†ca/ca-cert.pem¬†-CAkey¬†ca/ca-key.pem¬†-CAcreateserial¬†-days¬†3650¬†

